// Jest Snapshot v1, https://goo.gl/fbAQLP

exports[`<ProgressFoo /> should match snapshot 1`] = `
<div>
  50
</div>
`;
